3 sources, 5 regions
 0: [0,5]:  test9.c.in1
 1: [5,9]:  test9.c.in1 test9.c.in2
 2: [9,12]:  test9.c.in2
 3: [12,15]:  test9.c.in2 test9.c.in3
 4: [15,20]:  test9.c.in3
 -> 0a
 -> 1a
 -> 2a
 -> 3a
 -> 4a
 -> 5a
 -> 5b
 -> 6a
 -> 6b
 -> 7a
 -> 7b
 -> 8a
 -> 8b
 -> 9a
 -> 9b
 -> 10b
 -> 11b
 -> 12b
 -> 12c
 -> 13b
 -> 13c
 -> 14b
 -> 14c
 -> 15b
 -> 15c
 -> 16c
 -> 17c
 -> 18c
 -> 19c
 -> 20c
eof
