3 sources, 5 regions
 0: [0,5]:  test8.c.in1
 1: [5,9]:  test8.c.in1 test8.c.in2
 2: [9,12]:  test8.c.in2
 3: [12,15]:  test8.c.in2 test8.c.in3
 4: [15,20]:  test8.c.in3
 -> 0
 -> 1
 -> 2
 -> 3
 -> 4
 -> 5
 -> 5
 -> 6
 -> 6
 -> 7
 -> 7
 -> 8
 -> 8
 -> 9
 -> 9
 -> 10
 -> 11
 -> 12
 -> 12
 -> 13
 -> 13
 -> 14
 -> 14
 -> 15
 -> 15
 -> 16
 -> 17
 -> 18
 -> 19
 -> 20
eof
