1 sources, 1 regions
 0: [0,9]:  test16.c.in
00000000 30 0a                                           0.              
00000000 31 0a                                           1.              
00000000 32 0a                                           2.              
00000000 33 0a                                           3.              
00000000 34 0a                                           4.              
00000000 35 0a                                           5.              
00000000 36 0a                                           6.              
00000000 37 0a                                           7.              
00000000 38 0a                                           8.              
00000000 39 0a                                           9.              
eof
